// Jest Snapshot v1, https://goo.gl/fbAQLP

exports[`<Profile />의 테스트 이전 테스트시 찍힌 스냅샷과 현재 스냅샷이 일치하는가? 1`] = `
<div>
  <div>
    <b>
      Jsontype
    </b>
     
    <span>
      (
      D.Yang
      )
    </span>
  </div>
</div>
`;
