// Jest Snapshot v1, https://goo.gl/fbAQLP

exports[`<Counter /> matches snapshot 1`] = `
<div>
  <h2>
    Counter
  </h2>
  <div>
    0
  </div>
  <button>
    +
  </button>
  <button>
    -
  </button>
</div>
`;
