// Jest Snapshot v1, https://goo.gl/fbAQLP

exports[`Counter 앱 테스트 스냅샷과 일치? 1`] = `
<div>
  <div>
    <h2>
      0
    </h2>
    <button>
      +1
    </button>
    <button>
      -1
    </button>
  </div>
</div>
`;
